column12	column2	column3	column4	column52
column12	column2	column3	column4	column522