column1	column2	column3	column4	column5
column1	column2	column3	column4	column55
column1	column2	column3	column4	column555